ERROR - 2026-07-17 16:53:58 --> Error connecting to the database: mysqli_sql_exception: No such file or directory in /Applications/XAMPP/xamppfiles/htdocs/literaciapro/system/Database/MySQLi/Connection.php:201
Stack trace:
#0 /Applications/XAMPP/xamppfiles/htdocs/literaciapro/system/Database/MySQLi/Connection.php(201): mysqli->real_connect('localhost', '', Object(SensitiveParameterValue), '', 3306, '', 0)
#1 /Applications/XAMPP/xamppfiles/htdocs/literaciapro/system/Database/BaseConnection.php(555): CodeIgniter\Database\MySQLi\Connection->connect(false)
#2 /Applications/XAMPP/xamppfiles/htdocs/literaciapro/system/Database/BaseConnection.php(795): CodeIgniter\Database\BaseConnection->initialize()
#3 /Applications/XAMPP/xamppfiles/htdocs/literaciapro/system/Database/BaseBuilder.php(1659): CodeIgniter\Database\BaseConnection->query('SELECT *\nFROM `...', Array, false)
#4 /Applications/XAMPP/xamppfiles/htdocs/literaciapro/system/Model.php(255): CodeIgniter\Database\BaseBuilder->get()
#5 /Applications/XAMPP/xamppfiles/htdocs/literaciapro/system/BaseModel.php(676): CodeIgniter\Model->doFindAll(0, 0)
#6 /Applications/XAMPP/xamppfiles/htdocs/literaciapro/app/Models/BukuModel.php(28): CodeIgniter\BaseModel->findAll()
#7 /Applications/XAMPP/xamppfiles/htdocs/literaciapro/app/Controllers/Buku.php(24): App\Models\BukuModel->getBuku()
#8 /Applications/XAMPP/xamppfiles/htdocs/literaciapro/system/CodeIgniter.php(974): App\Controllers\Buku->index()
#9 /Applications/XAMPP/xamppfiles/htdocs/literaciapro/system/CodeIgniter.php(520): CodeIgniter\CodeIgniter->runController(Object(App\Controllers\Buku))
#10 /Applications/XAMPP/xamppfiles/htdocs/literaciapro/system/CodeIgniter.php(363): CodeIgniter\CodeIgniter->handleRequest(NULL, Object(Config\Cache), false)
#11 /Applications/XAMPP/xamppfiles/htdocs/literaciapro/system/Boot.php(417): CodeIgniter\CodeIgniter->run()
#12 /Applications/XAMPP/xamppfiles/htdocs/literaciapro/system/Boot.php(68): CodeIgniter\Boot::runCodeIgniter(Object(CodeIgniter\CodeIgniter))
#13 /Applications/XAMPP/xamppfiles/htdocs/literaciapro/public/index.php(59): CodeIgniter\Boot::bootWeb(Object(Config\Paths))
#14 /Applications/XAMPP/xamppfiles/htdocs/literaciapro/system/rewrite.php(44): require_once('/Applications/X...')
#15 {main}

Next CodeIgniter\Database\Exceptions\DatabaseException: No such file or directory in /Applications/XAMPP/xamppfiles/htdocs/literaciapro/system/Database/MySQLi/Connection.php:231
Stack trace:
#0 /Applications/XAMPP/xamppfiles/htdocs/literaciapro/system/Database/BaseConnection.php(555): CodeIgniter\Database\MySQLi\Connection->connect(false)
#1 /Applications/XAMPP/xamppfiles/htdocs/literaciapro/system/Database/BaseConnection.php(795): CodeIgniter\Database\BaseConnection->initialize()
#2 /Applications/XAMPP/xamppfiles/htdocs/literaciapro/system/Database/BaseBuilder.php(1659): CodeIgniter\Database\BaseConnection->query('SELECT *\nFROM `...', Array, false)
#3 /Applications/XAMPP/xamppfiles/htdocs/literaciapro/system/Model.php(255): CodeIgniter\Database\BaseBuilder->get()
#4 /Applications/XAMPP/xamppfiles/htdocs/literaciapro/system/BaseModel.php(676): CodeIgniter\Model->doFindAll(0, 0)
#5 /Applications/XAMPP/xamppfiles/htdocs/literaciapro/app/Models/BukuModel.php(28): CodeIgniter\BaseModel->findAll()
#6 /Applications/XAMPP/xamppfiles/htdocs/literaciapro/app/Controllers/Buku.php(24): App\Models\BukuModel->getBuku()
#7 /Applications/XAMPP/xamppfiles/htdocs/literaciapro/system/CodeIgniter.php(974): App\Controllers\Buku->index()
#8 /Applications/XAMPP/xamppfiles/htdocs/literaciapro/system/CodeIgniter.php(520): CodeIgniter\CodeIgniter->runController(Object(App\Controllers\Buku))
#9 /Applications/XAMPP/xamppfiles/htdocs/literaciapro/system/CodeIgniter.php(363): CodeIgniter\CodeIgniter->handleRequest(NULL, Object(Config\Cache), false)
#10 /Applications/XAMPP/xamppfiles/htdocs/literaciapro/system/Boot.php(417): CodeIgniter\CodeIgniter->run()
#11 /Applications/XAMPP/xamppfiles/htdocs/literaciapro/system/Boot.php(68): CodeIgniter\Boot::runCodeIgniter(Object(CodeIgniter\CodeIgniter))
#12 /Applications/XAMPP/xamppfiles/htdocs/literaciapro/public/index.php(59): CodeIgniter\Boot::bootWeb(Object(Config\Paths))
#13 /Applications/XAMPP/xamppfiles/htdocs/literaciapro/system/rewrite.php(44): require_once('/Applications/X...')
#14 {main}
CRITICAL - 2026-07-17 16:53:58 --> CodeIgniter\Database\Exceptions\DatabaseException: Unable to connect to the database.
Main connection [MySQLi]: No such file or directory
[Method: GET, Route: /]
in SYSTEMPATH/Database/BaseConnection.php on line 606.
 1 SYSTEMPATH/Database/BaseConnection.php(795): CodeIgniter\Database\BaseConnection->initialize()
 2 SYSTEMPATH/Database/BaseBuilder.php(1659): CodeIgniter\Database\BaseConnection->query('SELECT *
FROM `buku`
ORDER BY `id` DESC', [], false)
 3 SYSTEMPATH/Model.php(255): CodeIgniter\Database\BaseBuilder->get()
 4 SYSTEMPATH/BaseModel.php(676): CodeIgniter\Model->doFindAll(0, 0)
 5 APPPATH/Models/BukuModel.php(28): CodeIgniter\BaseModel->findAll()
 6 APPPATH/Controllers/Buku.php(24): App\Models\BukuModel->getBuku()
 7 SYSTEMPATH/CodeIgniter.php(974): App\Controllers\Buku->index()
 8 SYSTEMPATH/CodeIgniter.php(520): CodeIgniter\CodeIgniter->runController(Object(App\Controllers\Buku))
 9 SYSTEMPATH/CodeIgniter.php(363): CodeIgniter\CodeIgniter->handleRequest(null, Object(Config\Cache), false)
10 SYSTEMPATH/Boot.php(417): CodeIgniter\CodeIgniter->run()
11 SYSTEMPATH/Boot.php(68): CodeIgniter\Boot::runCodeIgniter(Object(CodeIgniter\CodeIgniter))
12 FCPATH/index.php(59): CodeIgniter\Boot::bootWeb(Object(Config\Paths))
13 SYSTEMPATH/rewrite.php(44): require_once('/Applications/XAMPP/xamppfiles/htdocs/literaciapro/public/index.php')
ERROR - 2026-07-17 16:54:11 --> Error connecting to the database: mysqli_sql_exception: No such file or directory in /Applications/XAMPP/xamppfiles/htdocs/literaciapro/system/Database/MySQLi/Connection.php:201
Stack trace:
#0 /Applications/XAMPP/xamppfiles/htdocs/literaciapro/system/Database/MySQLi/Connection.php(201): mysqli->real_connect('localhost', '', Object(SensitiveParameterValue), '', 3306, '', 0)
#1 /Applications/XAMPP/xamppfiles/htdocs/literaciapro/system/Database/BaseConnection.php(555): CodeIgniter\Database\MySQLi\Connection->connect(false)
#2 /Applications/XAMPP/xamppfiles/htdocs/literaciapro/system/Database/BaseConnection.php(795): CodeIgniter\Database\BaseConnection->initialize()
#3 /Applications/XAMPP/xamppfiles/htdocs/literaciapro/system/Database/BaseBuilder.php(1659): CodeIgniter\Database\BaseConnection->query('SELECT *\nFROM `...', Array, false)
#4 /Applications/XAMPP/xamppfiles/htdocs/literaciapro/system/Model.php(255): CodeIgniter\Database\BaseBuilder->get()
#5 /Applications/XAMPP/xamppfiles/htdocs/literaciapro/system/BaseModel.php(676): CodeIgniter\Model->doFindAll(0, 0)
#6 /Applications/XAMPP/xamppfiles/htdocs/literaciapro/app/Models/BukuModel.php(28): CodeIgniter\BaseModel->findAll()
#7 /Applications/XAMPP/xamppfiles/htdocs/literaciapro/app/Controllers/Buku.php(24): App\Models\BukuModel->getBuku()
#8 /Applications/XAMPP/xamppfiles/htdocs/literaciapro/system/CodeIgniter.php(974): App\Controllers\Buku->index()
#9 /Applications/XAMPP/xamppfiles/htdocs/literaciapro/system/CodeIgniter.php(520): CodeIgniter\CodeIgniter->runController(Object(App\Controllers\Buku))
#10 /Applications/XAMPP/xamppfiles/htdocs/literaciapro/system/CodeIgniter.php(363): CodeIgniter\CodeIgniter->handleRequest(NULL, Object(Config\Cache), false)
#11 /Applications/XAMPP/xamppfiles/htdocs/literaciapro/system/Boot.php(417): CodeIgniter\CodeIgniter->run()
#12 /Applications/XAMPP/xamppfiles/htdocs/literaciapro/system/Boot.php(68): CodeIgniter\Boot::runCodeIgniter(Object(CodeIgniter\CodeIgniter))
#13 /Applications/XAMPP/xamppfiles/htdocs/literaciapro/public/index.php(59): CodeIgniter\Boot::bootWeb(Object(Config\Paths))
#14 /Applications/XAMPP/xamppfiles/htdocs/literaciapro/system/rewrite.php(44): require_once('/Applications/X...')
#15 {main}

Next CodeIgniter\Database\Exceptions\DatabaseException: No such file or directory in /Applications/XAMPP/xamppfiles/htdocs/literaciapro/system/Database/MySQLi/Connection.php:231
Stack trace:
#0 /Applications/XAMPP/xamppfiles/htdocs/literaciapro/system/Database/BaseConnection.php(555): CodeIgniter\Database\MySQLi\Connection->connect(false)
#1 /Applications/XAMPP/xamppfiles/htdocs/literaciapro/system/Database/BaseConnection.php(795): CodeIgniter\Database\BaseConnection->initialize()
#2 /Applications/XAMPP/xamppfiles/htdocs/literaciapro/system/Database/BaseBuilder.php(1659): CodeIgniter\Database\BaseConnection->query('SELECT *\nFROM `...', Array, false)
#3 /Applications/XAMPP/xamppfiles/htdocs/literaciapro/system/Model.php(255): CodeIgniter\Database\BaseBuilder->get()
#4 /Applications/XAMPP/xamppfiles/htdocs/literaciapro/system/BaseModel.php(676): CodeIgniter\Model->doFindAll(0, 0)
#5 /Applications/XAMPP/xamppfiles/htdocs/literaciapro/app/Models/BukuModel.php(28): CodeIgniter\BaseModel->findAll()
#6 /Applications/XAMPP/xamppfiles/htdocs/literaciapro/app/Controllers/Buku.php(24): App\Models\BukuModel->getBuku()
#7 /Applications/XAMPP/xamppfiles/htdocs/literaciapro/system/CodeIgniter.php(974): App\Controllers\Buku->index()
#8 /Applications/XAMPP/xamppfiles/htdocs/literaciapro/system/CodeIgniter.php(520): CodeIgniter\CodeIgniter->runController(Object(App\Controllers\Buku))
#9 /Applications/XAMPP/xamppfiles/htdocs/literaciapro/system/CodeIgniter.php(363): CodeIgniter\CodeIgniter->handleRequest(NULL, Object(Config\Cache), false)
#10 /Applications/XAMPP/xamppfiles/htdocs/literaciapro/system/Boot.php(417): CodeIgniter\CodeIgniter->run()
#11 /Applications/XAMPP/xamppfiles/htdocs/literaciapro/system/Boot.php(68): CodeIgniter\Boot::runCodeIgniter(Object(CodeIgniter\CodeIgniter))
#12 /Applications/XAMPP/xamppfiles/htdocs/literaciapro/public/index.php(59): CodeIgniter\Boot::bootWeb(Object(Config\Paths))
#13 /Applications/XAMPP/xamppfiles/htdocs/literaciapro/system/rewrite.php(44): require_once('/Applications/X...')
#14 {main}
CRITICAL - 2026-07-17 16:54:11 --> CodeIgniter\Database\Exceptions\DatabaseException: Unable to connect to the database.
Main connection [MySQLi]: No such file or directory
[Method: GET, Route: /]
in SYSTEMPATH/Database/BaseConnection.php on line 606.
 1 SYSTEMPATH/Database/BaseConnection.php(795): CodeIgniter\Database\BaseConnection->initialize()
 2 SYSTEMPATH/Database/BaseBuilder.php(1659): CodeIgniter\Database\BaseConnection->query('SELECT *
FROM `buku`
ORDER BY `id` DESC', [], false)
 3 SYSTEMPATH/Model.php(255): CodeIgniter\Database\BaseBuilder->get()
 4 SYSTEMPATH/BaseModel.php(676): CodeIgniter\Model->doFindAll(0, 0)
 5 APPPATH/Models/BukuModel.php(28): CodeIgniter\BaseModel->findAll()
 6 APPPATH/Controllers/Buku.php(24): App\Models\BukuModel->getBuku()
 7 SYSTEMPATH/CodeIgniter.php(974): App\Controllers\Buku->index()
 8 SYSTEMPATH/CodeIgniter.php(520): CodeIgniter\CodeIgniter->runController(Object(App\Controllers\Buku))
 9 SYSTEMPATH/CodeIgniter.php(363): CodeIgniter\CodeIgniter->handleRequest(null, Object(Config\Cache), false)
10 SYSTEMPATH/Boot.php(417): CodeIgniter\CodeIgniter->run()
11 SYSTEMPATH/Boot.php(68): CodeIgniter\Boot::runCodeIgniter(Object(CodeIgniter\CodeIgniter))
12 FCPATH/index.php(59): CodeIgniter\Boot::bootWeb(Object(Config\Paths))
13 SYSTEMPATH/rewrite.php(44): require_once('/Applications/XAMPP/xamppfiles/htdocs/literaciapro/public/index.php')
ERROR - 2026-07-17 16:54:35 --> Error connecting to the database: mysqli_sql_exception: No such file or directory in /Applications/XAMPP/xamppfiles/htdocs/literaciapro/system/Database/MySQLi/Connection.php:201
Stack trace:
#0 /Applications/XAMPP/xamppfiles/htdocs/literaciapro/system/Database/MySQLi/Connection.php(201): mysqli->real_connect('localhost', '', Object(SensitiveParameterValue), '', 3306, '', 0)
#1 /Applications/XAMPP/xamppfiles/htdocs/literaciapro/system/Database/BaseConnection.php(555): CodeIgniter\Database\MySQLi\Connection->connect(false)
#2 /Applications/XAMPP/xamppfiles/htdocs/literaciapro/system/Database/BaseConnection.php(795): CodeIgniter\Database\BaseConnection->initialize()
#3 /Applications/XAMPP/xamppfiles/htdocs/literaciapro/system/Database/BaseBuilder.php(1659): CodeIgniter\Database\BaseConnection->query('SELECT *\nFROM `...', Array, false)
#4 /Applications/XAMPP/xamppfiles/htdocs/literaciapro/system/Model.php(255): CodeIgniter\Database\BaseBuilder->get()
#5 /Applications/XAMPP/xamppfiles/htdocs/literaciapro/system/BaseModel.php(676): CodeIgniter\Model->doFindAll(0, 0)
#6 /Applications/XAMPP/xamppfiles/htdocs/literaciapro/app/Models/BukuModel.php(28): CodeIgniter\BaseModel->findAll()
#7 /Applications/XAMPP/xamppfiles/htdocs/literaciapro/app/Controllers/Buku.php(24): App\Models\BukuModel->getBuku()
#8 /Applications/XAMPP/xamppfiles/htdocs/literaciapro/system/CodeIgniter.php(974): App\Controllers\Buku->index()
#9 /Applications/XAMPP/xamppfiles/htdocs/literaciapro/system/CodeIgniter.php(520): CodeIgniter\CodeIgniter->runController(Object(App\Controllers\Buku))
#10 /Applications/XAMPP/xamppfiles/htdocs/literaciapro/system/CodeIgniter.php(363): CodeIgniter\CodeIgniter->handleRequest(NULL, Object(Config\Cache), false)
#11 /Applications/XAMPP/xamppfiles/htdocs/literaciapro/system/Boot.php(417): CodeIgniter\CodeIgniter->run()
#12 /Applications/XAMPP/xamppfiles/htdocs/literaciapro/system/Boot.php(68): CodeIgniter\Boot::runCodeIgniter(Object(CodeIgniter\CodeIgniter))
#13 /Applications/XAMPP/xamppfiles/htdocs/literaciapro/public/index.php(59): CodeIgniter\Boot::bootWeb(Object(Config\Paths))
#14 /Applications/XAMPP/xamppfiles/htdocs/literaciapro/system/rewrite.php(44): require_once('/Applications/X...')
#15 {main}

Next CodeIgniter\Database\Exceptions\DatabaseException: No such file or directory in /Applications/XAMPP/xamppfiles/htdocs/literaciapro/system/Database/MySQLi/Connection.php:231
Stack trace:
#0 /Applications/XAMPP/xamppfiles/htdocs/literaciapro/system/Database/BaseConnection.php(555): CodeIgniter\Database\MySQLi\Connection->connect(false)
#1 /Applications/XAMPP/xamppfiles/htdocs/literaciapro/system/Database/BaseConnection.php(795): CodeIgniter\Database\BaseConnection->initialize()
#2 /Applications/XAMPP/xamppfiles/htdocs/literaciapro/system/Database/BaseBuilder.php(1659): CodeIgniter\Database\BaseConnection->query('SELECT *\nFROM `...', Array, false)
#3 /Applications/XAMPP/xamppfiles/htdocs/literaciapro/system/Model.php(255): CodeIgniter\Database\BaseBuilder->get()
#4 /Applications/XAMPP/xamppfiles/htdocs/literaciapro/system/BaseModel.php(676): CodeIgniter\Model->doFindAll(0, 0)
#5 /Applications/XAMPP/xamppfiles/htdocs/literaciapro/app/Models/BukuModel.php(28): CodeIgniter\BaseModel->findAll()
#6 /Applications/XAMPP/xamppfiles/htdocs/literaciapro/app/Controllers/Buku.php(24): App\Models\BukuModel->getBuku()
#7 /Applications/XAMPP/xamppfiles/htdocs/literaciapro/system/CodeIgniter.php(974): App\Controllers\Buku->index()
#8 /Applications/XAMPP/xamppfiles/htdocs/literaciapro/system/CodeIgniter.php(520): CodeIgniter\CodeIgniter->runController(Object(App\Controllers\Buku))
#9 /Applications/XAMPP/xamppfiles/htdocs/literaciapro/system/CodeIgniter.php(363): CodeIgniter\CodeIgniter->handleRequest(NULL, Object(Config\Cache), false)
#10 /Applications/XAMPP/xamppfiles/htdocs/literaciapro/system/Boot.php(417): CodeIgniter\CodeIgniter->run()
#11 /Applications/XAMPP/xamppfiles/htdocs/literaciapro/system/Boot.php(68): CodeIgniter\Boot::runCodeIgniter(Object(CodeIgniter\CodeIgniter))
#12 /Applications/XAMPP/xamppfiles/htdocs/literaciapro/public/index.php(59): CodeIgniter\Boot::bootWeb(Object(Config\Paths))
#13 /Applications/XAMPP/xamppfiles/htdocs/literaciapro/system/rewrite.php(44): require_once('/Applications/X...')
#14 {main}
CRITICAL - 2026-07-17 16:54:35 --> CodeIgniter\Database\Exceptions\DatabaseException: Unable to connect to the database.
Main connection [MySQLi]: No such file or directory
[Method: GET, Route: /]
in SYSTEMPATH/Database/BaseConnection.php on line 606.
 1 SYSTEMPATH/Database/BaseConnection.php(795): CodeIgniter\Database\BaseConnection->initialize()
 2 SYSTEMPATH/Database/BaseBuilder.php(1659): CodeIgniter\Database\BaseConnection->query('SELECT *
FROM `buku`
ORDER BY `id` DESC', [], false)
 3 SYSTEMPATH/Model.php(255): CodeIgniter\Database\BaseBuilder->get()
 4 SYSTEMPATH/BaseModel.php(676): CodeIgniter\Model->doFindAll(0, 0)
 5 APPPATH/Models/BukuModel.php(28): CodeIgniter\BaseModel->findAll()
 6 APPPATH/Controllers/Buku.php(24): App\Models\BukuModel->getBuku()
 7 SYSTEMPATH/CodeIgniter.php(974): App\Controllers\Buku->index()
 8 SYSTEMPATH/CodeIgniter.php(520): CodeIgniter\CodeIgniter->runController(Object(App\Controllers\Buku))
 9 SYSTEMPATH/CodeIgniter.php(363): CodeIgniter\CodeIgniter->handleRequest(null, Object(Config\Cache), false)
10 SYSTEMPATH/Boot.php(417): CodeIgniter\CodeIgniter->run()
11 SYSTEMPATH/Boot.php(68): CodeIgniter\Boot::runCodeIgniter(Object(CodeIgniter\CodeIgniter))
12 FCPATH/index.php(59): CodeIgniter\Boot::bootWeb(Object(Config\Paths))
13 SYSTEMPATH/rewrite.php(44): require_once('/Applications/XAMPP/xamppfiles/htdocs/literaciapro/public/index.php')
ERROR - 2026-07-17 16:58:30 --> Error connecting to the database: mysqli_sql_exception: No such file or directory in /Applications/XAMPP/xamppfiles/htdocs/literaciapro/system/Database/MySQLi/Connection.php:201
Stack trace:
#0 /Applications/XAMPP/xamppfiles/htdocs/literaciapro/system/Database/MySQLi/Connection.php(201): mysqli->real_connect('localhost', '', Object(SensitiveParameterValue), '', 3306, '', 0)
#1 /Applications/XAMPP/xamppfiles/htdocs/literaciapro/system/Database/BaseConnection.php(555): CodeIgniter\Database\MySQLi\Connection->connect(false)
#2 /Applications/XAMPP/xamppfiles/htdocs/literaciapro/system/Database/BaseConnection.php(795): CodeIgniter\Database\BaseConnection->initialize()
#3 /Applications/XAMPP/xamppfiles/htdocs/literaciapro/system/Database/BaseBuilder.php(1659): CodeIgniter\Database\BaseConnection->query('SELECT *\nFROM `...', Array, false)
#4 /Applications/XAMPP/xamppfiles/htdocs/literaciapro/system/Model.php(255): CodeIgniter\Database\BaseBuilder->get()
#5 /Applications/XAMPP/xamppfiles/htdocs/literaciapro/system/BaseModel.php(676): CodeIgniter\Model->doFindAll(0, 0)
#6 /Applications/XAMPP/xamppfiles/htdocs/literaciapro/app/Models/BukuModel.php(28): CodeIgniter\BaseModel->findAll()
#7 /Applications/XAMPP/xamppfiles/htdocs/literaciapro/app/Controllers/Buku.php(24): App\Models\BukuModel->getBuku()
#8 /Applications/XAMPP/xamppfiles/htdocs/literaciapro/system/CodeIgniter.php(974): App\Controllers\Buku->index()
#9 /Applications/XAMPP/xamppfiles/htdocs/literaciapro/system/CodeIgniter.php(520): CodeIgniter\CodeIgniter->runController(Object(App\Controllers\Buku))
#10 /Applications/XAMPP/xamppfiles/htdocs/literaciapro/system/CodeIgniter.php(363): CodeIgniter\CodeIgniter->handleRequest(NULL, Object(Config\Cache), false)
#11 /Applications/XAMPP/xamppfiles/htdocs/literaciapro/system/Boot.php(417): CodeIgniter\CodeIgniter->run()
#12 /Applications/XAMPP/xamppfiles/htdocs/literaciapro/system/Boot.php(68): CodeIgniter\Boot::runCodeIgniter(Object(CodeIgniter\CodeIgniter))
#13 /Applications/XAMPP/xamppfiles/htdocs/literaciapro/public/index.php(59): CodeIgniter\Boot::bootWeb(Object(Config\Paths))
#14 /Applications/XAMPP/xamppfiles/htdocs/literaciapro/system/rewrite.php(44): require_once('/Applications/X...')
#15 {main}

Next CodeIgniter\Database\Exceptions\DatabaseException: No such file or directory in /Applications/XAMPP/xamppfiles/htdocs/literaciapro/system/Database/MySQLi/Connection.php:231
Stack trace:
#0 /Applications/XAMPP/xamppfiles/htdocs/literaciapro/system/Database/BaseConnection.php(555): CodeIgniter\Database\MySQLi\Connection->connect(false)
#1 /Applications/XAMPP/xamppfiles/htdocs/literaciapro/system/Database/BaseConnection.php(795): CodeIgniter\Database\BaseConnection->initialize()
#2 /Applications/XAMPP/xamppfiles/htdocs/literaciapro/system/Database/BaseBuilder.php(1659): CodeIgniter\Database\BaseConnection->query('SELECT *\nFROM `...', Array, false)
#3 /Applications/XAMPP/xamppfiles/htdocs/literaciapro/system/Model.php(255): CodeIgniter\Database\BaseBuilder->get()
#4 /Applications/XAMPP/xamppfiles/htdocs/literaciapro/system/BaseModel.php(676): CodeIgniter\Model->doFindAll(0, 0)
#5 /Applications/XAMPP/xamppfiles/htdocs/literaciapro/app/Models/BukuModel.php(28): CodeIgniter\BaseModel->findAll()
#6 /Applications/XAMPP/xamppfiles/htdocs/literaciapro/app/Controllers/Buku.php(24): App\Models\BukuModel->getBuku()
#7 /Applications/XAMPP/xamppfiles/htdocs/literaciapro/system/CodeIgniter.php(974): App\Controllers\Buku->index()
#8 /Applications/XAMPP/xamppfiles/htdocs/literaciapro/system/CodeIgniter.php(520): CodeIgniter\CodeIgniter->runController(Object(App\Controllers\Buku))
#9 /Applications/XAMPP/xamppfiles/htdocs/literaciapro/system/CodeIgniter.php(363): CodeIgniter\CodeIgniter->handleRequest(NULL, Object(Config\Cache), false)
#10 /Applications/XAMPP/xamppfiles/htdocs/literaciapro/system/Boot.php(417): CodeIgniter\CodeIgniter->run()
#11 /Applications/XAMPP/xamppfiles/htdocs/literaciapro/system/Boot.php(68): CodeIgniter\Boot::runCodeIgniter(Object(CodeIgniter\CodeIgniter))
#12 /Applications/XAMPP/xamppfiles/htdocs/literaciapro/public/index.php(59): CodeIgniter\Boot::bootWeb(Object(Config\Paths))
#13 /Applications/XAMPP/xamppfiles/htdocs/literaciapro/system/rewrite.php(44): require_once('/Applications/X...')
#14 {main}
CRITICAL - 2026-07-17 16:58:30 --> CodeIgniter\Database\Exceptions\DatabaseException: Unable to connect to the database.
Main connection [MySQLi]: No such file or directory
[Method: GET, Route: /]
in SYSTEMPATH/Database/BaseConnection.php on line 606.
 1 SYSTEMPATH/Database/BaseConnection.php(795): CodeIgniter\Database\BaseConnection->initialize()
 2 SYSTEMPATH/Database/BaseBuilder.php(1659): CodeIgniter\Database\BaseConnection->query('SELECT *
FROM `bukupro`
ORDER BY `id` DESC', [], false)
 3 SYSTEMPATH/Model.php(255): CodeIgniter\Database\BaseBuilder->get()
 4 SYSTEMPATH/BaseModel.php(676): CodeIgniter\Model->doFindAll(0, 0)
 5 APPPATH/Models/BukuModel.php(28): CodeIgniter\BaseModel->findAll()
 6 APPPATH/Controllers/Buku.php(24): App\Models\BukuModel->getBuku()
 7 SYSTEMPATH/CodeIgniter.php(974): App\Controllers\Buku->index()
 8 SYSTEMPATH/CodeIgniter.php(520): CodeIgniter\CodeIgniter->runController(Object(App\Controllers\Buku))
 9 SYSTEMPATH/CodeIgniter.php(363): CodeIgniter\CodeIgniter->handleRequest(null, Object(Config\Cache), false)
10 SYSTEMPATH/Boot.php(417): CodeIgniter\CodeIgniter->run()
11 SYSTEMPATH/Boot.php(68): CodeIgniter\Boot::runCodeIgniter(Object(CodeIgniter\CodeIgniter))
12 FCPATH/index.php(59): CodeIgniter\Boot::bootWeb(Object(Config\Paths))
13 SYSTEMPATH/rewrite.php(44): require_once('/Applications/XAMPP/xamppfiles/htdocs/literaciapro/public/index.php')
ERROR - 2026-07-17 16:58:33 --> Error connecting to the database: mysqli_sql_exception: No such file or directory in /Applications/XAMPP/xamppfiles/htdocs/literaciapro/system/Database/MySQLi/Connection.php:201
Stack trace:
#0 /Applications/XAMPP/xamppfiles/htdocs/literaciapro/system/Database/MySQLi/Connection.php(201): mysqli->real_connect('localhost', '', Object(SensitiveParameterValue), '', 3306, '', 0)
#1 /Applications/XAMPP/xamppfiles/htdocs/literaciapro/system/Database/BaseConnection.php(555): CodeIgniter\Database\MySQLi\Connection->connect(false)
#2 /Applications/XAMPP/xamppfiles/htdocs/literaciapro/system/Database/BaseConnection.php(795): CodeIgniter\Database\BaseConnection->initialize()
#3 /Applications/XAMPP/xamppfiles/htdocs/literaciapro/system/Database/BaseBuilder.php(1659): CodeIgniter\Database\BaseConnection->query('SELECT *\nFROM `...', Array, false)
#4 /Applications/XAMPP/xamppfiles/htdocs/literaciapro/system/Model.php(255): CodeIgniter\Database\BaseBuilder->get()
#5 /Applications/XAMPP/xamppfiles/htdocs/literaciapro/system/BaseModel.php(676): CodeIgniter\Model->doFindAll(0, 0)
#6 /Applications/XAMPP/xamppfiles/htdocs/literaciapro/app/Models/BukuModel.php(28): CodeIgniter\BaseModel->findAll()
#7 /Applications/XAMPP/xamppfiles/htdocs/literaciapro/app/Controllers/Buku.php(24): App\Models\BukuModel->getBuku()
#8 /Applications/XAMPP/xamppfiles/htdocs/literaciapro/system/CodeIgniter.php(974): App\Controllers\Buku->index()
#9 /Applications/XAMPP/xamppfiles/htdocs/literaciapro/system/CodeIgniter.php(520): CodeIgniter\CodeIgniter->runController(Object(App\Controllers\Buku))
#10 /Applications/XAMPP/xamppfiles/htdocs/literaciapro/system/CodeIgniter.php(363): CodeIgniter\CodeIgniter->handleRequest(NULL, Object(Config\Cache), false)
#11 /Applications/XAMPP/xamppfiles/htdocs/literaciapro/system/Boot.php(417): CodeIgniter\CodeIgniter->run()
#12 /Applications/XAMPP/xamppfiles/htdocs/literaciapro/system/Boot.php(68): CodeIgniter\Boot::runCodeIgniter(Object(CodeIgniter\CodeIgniter))
#13 /Applications/XAMPP/xamppfiles/htdocs/literaciapro/public/index.php(59): CodeIgniter\Boot::bootWeb(Object(Config\Paths))
#14 /Applications/XAMPP/xamppfiles/htdocs/literaciapro/system/rewrite.php(44): require_once('/Applications/X...')
#15 {main}

Next CodeIgniter\Database\Exceptions\DatabaseException: No such file or directory in /Applications/XAMPP/xamppfiles/htdocs/literaciapro/system/Database/MySQLi/Connection.php:231
Stack trace:
#0 /Applications/XAMPP/xamppfiles/htdocs/literaciapro/system/Database/BaseConnection.php(555): CodeIgniter\Database\MySQLi\Connection->connect(false)
#1 /Applications/XAMPP/xamppfiles/htdocs/literaciapro/system/Database/BaseConnection.php(795): CodeIgniter\Database\BaseConnection->initialize()
#2 /Applications/XAMPP/xamppfiles/htdocs/literaciapro/system/Database/BaseBuilder.php(1659): CodeIgniter\Database\BaseConnection->query('SELECT *\nFROM `...', Array, false)
#3 /Applications/XAMPP/xamppfiles/htdocs/literaciapro/system/Model.php(255): CodeIgniter\Database\BaseBuilder->get()
#4 /Applications/XAMPP/xamppfiles/htdocs/literaciapro/system/BaseModel.php(676): CodeIgniter\Model->doFindAll(0, 0)
#5 /Applications/XAMPP/xamppfiles/htdocs/literaciapro/app/Models/BukuModel.php(28): CodeIgniter\BaseModel->findAll()
#6 /Applications/XAMPP/xamppfiles/htdocs/literaciapro/app/Controllers/Buku.php(24): App\Models\BukuModel->getBuku()
#7 /Applications/XAMPP/xamppfiles/htdocs/literaciapro/system/CodeIgniter.php(974): App\Controllers\Buku->index()
#8 /Applications/XAMPP/xamppfiles/htdocs/literaciapro/system/CodeIgniter.php(520): CodeIgniter\CodeIgniter->runController(Object(App\Controllers\Buku))
#9 /Applications/XAMPP/xamppfiles/htdocs/literaciapro/system/CodeIgniter.php(363): CodeIgniter\CodeIgniter->handleRequest(NULL, Object(Config\Cache), false)
#10 /Applications/XAMPP/xamppfiles/htdocs/literaciapro/system/Boot.php(417): CodeIgniter\CodeIgniter->run()
#11 /Applications/XAMPP/xamppfiles/htdocs/literaciapro/system/Boot.php(68): CodeIgniter\Boot::runCodeIgniter(Object(CodeIgniter\CodeIgniter))
#12 /Applications/XAMPP/xamppfiles/htdocs/literaciapro/public/index.php(59): CodeIgniter\Boot::bootWeb(Object(Config\Paths))
#13 /Applications/XAMPP/xamppfiles/htdocs/literaciapro/system/rewrite.php(44): require_once('/Applications/X...')
#14 {main}
CRITICAL - 2026-07-17 16:58:33 --> CodeIgniter\Database\Exceptions\DatabaseException: Unable to connect to the database.
Main connection [MySQLi]: No such file or directory
[Method: GET, Route: /]
in SYSTEMPATH/Database/BaseConnection.php on line 606.
 1 SYSTEMPATH/Database/BaseConnection.php(795): CodeIgniter\Database\BaseConnection->initialize()
 2 SYSTEMPATH/Database/BaseBuilder.php(1659): CodeIgniter\Database\BaseConnection->query('SELECT *
FROM `bukupro`
ORDER BY `id` DESC', [], false)
 3 SYSTEMPATH/Model.php(255): CodeIgniter\Database\BaseBuilder->get()
 4 SYSTEMPATH/BaseModel.php(676): CodeIgniter\Model->doFindAll(0, 0)
 5 APPPATH/Models/BukuModel.php(28): CodeIgniter\BaseModel->findAll()
 6 APPPATH/Controllers/Buku.php(24): App\Models\BukuModel->getBuku()
 7 SYSTEMPATH/CodeIgniter.php(974): App\Controllers\Buku->index()
 8 SYSTEMPATH/CodeIgniter.php(520): CodeIgniter\CodeIgniter->runController(Object(App\Controllers\Buku))
 9 SYSTEMPATH/CodeIgniter.php(363): CodeIgniter\CodeIgniter->handleRequest(null, Object(Config\Cache), false)
10 SYSTEMPATH/Boot.php(417): CodeIgniter\CodeIgniter->run()
11 SYSTEMPATH/Boot.php(68): CodeIgniter\Boot::runCodeIgniter(Object(CodeIgniter\CodeIgniter))
12 FCPATH/index.php(59): CodeIgniter\Boot::bootWeb(Object(Config\Paths))
13 SYSTEMPATH/rewrite.php(44): require_once('/Applications/XAMPP/xamppfiles/htdocs/literaciapro/public/index.php')
ERROR - 2026-07-17 17:01:01 --> Error connecting to the database: mysqli_sql_exception: No such file or directory in /Applications/XAMPP/xamppfiles/htdocs/literaciapro/system/Database/MySQLi/Connection.php:201
Stack trace:
#0 /Applications/XAMPP/xamppfiles/htdocs/literaciapro/system/Database/MySQLi/Connection.php(201): mysqli->real_connect('localhost', '', Object(SensitiveParameterValue), '', 3306, '', 0)
#1 /Applications/XAMPP/xamppfiles/htdocs/literaciapro/system/Database/BaseConnection.php(555): CodeIgniter\Database\MySQLi\Connection->connect(false)
#2 /Applications/XAMPP/xamppfiles/htdocs/literaciapro/system/Database/BaseConnection.php(795): CodeIgniter\Database\BaseConnection->initialize()
#3 /Applications/XAMPP/xamppfiles/htdocs/literaciapro/system/Database/BaseBuilder.php(1659): CodeIgniter\Database\BaseConnection->query('SELECT *\nFROM `...', Array, false)
#4 /Applications/XAMPP/xamppfiles/htdocs/literaciapro/system/Model.php(255): CodeIgniter\Database\BaseBuilder->get()
#5 /Applications/XAMPP/xamppfiles/htdocs/literaciapro/system/BaseModel.php(676): CodeIgniter\Model->doFindAll(0, 0)
#6 /Applications/XAMPP/xamppfiles/htdocs/literaciapro/app/Models/BukuModel.php(28): CodeIgniter\BaseModel->findAll()
#7 /Applications/XAMPP/xamppfiles/htdocs/literaciapro/app/Controllers/Buku.php(24): App\Models\BukuModel->getBuku()
#8 /Applications/XAMPP/xamppfiles/htdocs/literaciapro/system/CodeIgniter.php(974): App\Controllers\Buku->index()
#9 /Applications/XAMPP/xamppfiles/htdocs/literaciapro/system/CodeIgniter.php(520): CodeIgniter\CodeIgniter->runController(Object(App\Controllers\Buku))
#10 /Applications/XAMPP/xamppfiles/htdocs/literaciapro/system/CodeIgniter.php(363): CodeIgniter\CodeIgniter->handleRequest(NULL, Object(Config\Cache), false)
#11 /Applications/XAMPP/xamppfiles/htdocs/literaciapro/system/Boot.php(417): CodeIgniter\CodeIgniter->run()
#12 /Applications/XAMPP/xamppfiles/htdocs/literaciapro/system/Boot.php(68): CodeIgniter\Boot::runCodeIgniter(Object(CodeIgniter\CodeIgniter))
#13 /Applications/XAMPP/xamppfiles/htdocs/literaciapro/public/index.php(59): CodeIgniter\Boot::bootWeb(Object(Config\Paths))
#14 /Applications/XAMPP/xamppfiles/htdocs/literaciapro/system/rewrite.php(44): require_once('/Applications/X...')
#15 {main}

Next CodeIgniter\Database\Exceptions\DatabaseException: No such file or directory in /Applications/XAMPP/xamppfiles/htdocs/literaciapro/system/Database/MySQLi/Connection.php:231
Stack trace:
#0 /Applications/XAMPP/xamppfiles/htdocs/literaciapro/system/Database/BaseConnection.php(555): CodeIgniter\Database\MySQLi\Connection->connect(false)
#1 /Applications/XAMPP/xamppfiles/htdocs/literaciapro/system/Database/BaseConnection.php(795): CodeIgniter\Database\BaseConnection->initialize()
#2 /Applications/XAMPP/xamppfiles/htdocs/literaciapro/system/Database/BaseBuilder.php(1659): CodeIgniter\Database\BaseConnection->query('SELECT *\nFROM `...', Array, false)
#3 /Applications/XAMPP/xamppfiles/htdocs/literaciapro/system/Model.php(255): CodeIgniter\Database\BaseBuilder->get()
#4 /Applications/XAMPP/xamppfiles/htdocs/literaciapro/system/BaseModel.php(676): CodeIgniter\Model->doFindAll(0, 0)
#5 /Applications/XAMPP/xamppfiles/htdocs/literaciapro/app/Models/BukuModel.php(28): CodeIgniter\BaseModel->findAll()
#6 /Applications/XAMPP/xamppfiles/htdocs/literaciapro/app/Controllers/Buku.php(24): App\Models\BukuModel->getBuku()
#7 /Applications/XAMPP/xamppfiles/htdocs/literaciapro/system/CodeIgniter.php(974): App\Controllers\Buku->index()
#8 /Applications/XAMPP/xamppfiles/htdocs/literaciapro/system/CodeIgniter.php(520): CodeIgniter\CodeIgniter->runController(Object(App\Controllers\Buku))
#9 /Applications/XAMPP/xamppfiles/htdocs/literaciapro/system/CodeIgniter.php(363): CodeIgniter\CodeIgniter->handleRequest(NULL, Object(Config\Cache), false)
#10 /Applications/XAMPP/xamppfiles/htdocs/literaciapro/system/Boot.php(417): CodeIgniter\CodeIgniter->run()
#11 /Applications/XAMPP/xamppfiles/htdocs/literaciapro/system/Boot.php(68): CodeIgniter\Boot::runCodeIgniter(Object(CodeIgniter\CodeIgniter))
#12 /Applications/XAMPP/xamppfiles/htdocs/literaciapro/public/index.php(59): CodeIgniter\Boot::bootWeb(Object(Config\Paths))
#13 /Applications/XAMPP/xamppfiles/htdocs/literaciapro/system/rewrite.php(44): require_once('/Applications/X...')
#14 {main}
CRITICAL - 2026-07-17 17:01:01 --> CodeIgniter\Database\Exceptions\DatabaseException: Unable to connect to the database.
Main connection [MySQLi]: No such file or directory
[Method: GET, Route: buku]
in SYSTEMPATH/Database/BaseConnection.php on line 606.
 1 SYSTEMPATH/Database/BaseConnection.php(795): CodeIgniter\Database\BaseConnection->initialize()
 2 SYSTEMPATH/Database/BaseBuilder.php(1659): CodeIgniter\Database\BaseConnection->query('SELECT *
FROM `bukupro`
ORDER BY `id` DESC', [], false)
 3 SYSTEMPATH/Model.php(255): CodeIgniter\Database\BaseBuilder->get()
 4 SYSTEMPATH/BaseModel.php(676): CodeIgniter\Model->doFindAll(0, 0)
 5 APPPATH/Models/BukuModel.php(28): CodeIgniter\BaseModel->findAll()
 6 APPPATH/Controllers/Buku.php(24): App\Models\BukuModel->getBuku()
 7 SYSTEMPATH/CodeIgniter.php(974): App\Controllers\Buku->index()
 8 SYSTEMPATH/CodeIgniter.php(520): CodeIgniter\CodeIgniter->runController(Object(App\Controllers\Buku))
 9 SYSTEMPATH/CodeIgniter.php(363): CodeIgniter\CodeIgniter->handleRequest(null, Object(Config\Cache), false)
10 SYSTEMPATH/Boot.php(417): CodeIgniter\CodeIgniter->run()
11 SYSTEMPATH/Boot.php(68): CodeIgniter\Boot::runCodeIgniter(Object(CodeIgniter\CodeIgniter))
12 FCPATH/index.php(59): CodeIgniter\Boot::bootWeb(Object(Config\Paths))
13 SYSTEMPATH/rewrite.php(44): require_once('/Applications/XAMPP/xamppfiles/htdocs/literaciapro/public/index.php')
ERROR - 2026-07-17 17:02:12 --> Error connecting to the database: mysqli_sql_exception: No such file or directory in /Applications/XAMPP/xamppfiles/htdocs/literaciapro/system/Database/MySQLi/Connection.php:201
Stack trace:
#0 /Applications/XAMPP/xamppfiles/htdocs/literaciapro/system/Database/MySQLi/Connection.php(201): mysqli->real_connect('localhost', '', Object(SensitiveParameterValue), '', 3306, '', 0)
#1 /Applications/XAMPP/xamppfiles/htdocs/literaciapro/system/Database/BaseConnection.php(555): CodeIgniter\Database\MySQLi\Connection->connect(false)
#2 /Applications/XAMPP/xamppfiles/htdocs/literaciapro/system/Database/BaseConnection.php(795): CodeIgniter\Database\BaseConnection->initialize()
#3 /Applications/XAMPP/xamppfiles/htdocs/literaciapro/system/Database/BaseBuilder.php(1659): CodeIgniter\Database\BaseConnection->query('SELECT *\nFROM `...', Array, false)
#4 /Applications/XAMPP/xamppfiles/htdocs/literaciapro/system/Model.php(255): CodeIgniter\Database\BaseBuilder->get()
#5 /Applications/XAMPP/xamppfiles/htdocs/literaciapro/system/BaseModel.php(676): CodeIgniter\Model->doFindAll(0, 0)
#6 /Applications/XAMPP/xamppfiles/htdocs/literaciapro/app/Models/BukuModel.php(28): CodeIgniter\BaseModel->findAll()
#7 /Applications/XAMPP/xamppfiles/htdocs/literaciapro/app/Controllers/Buku.php(24): App\Models\BukuModel->getBuku()
#8 /Applications/XAMPP/xamppfiles/htdocs/literaciapro/system/CodeIgniter.php(974): App\Controllers\Buku->index()
#9 /Applications/XAMPP/xamppfiles/htdocs/literaciapro/system/CodeIgniter.php(520): CodeIgniter\CodeIgniter->runController(Object(App\Controllers\Buku))
#10 /Applications/XAMPP/xamppfiles/htdocs/literaciapro/system/CodeIgniter.php(363): CodeIgniter\CodeIgniter->handleRequest(NULL, Object(Config\Cache), false)
#11 /Applications/XAMPP/xamppfiles/htdocs/literaciapro/system/Boot.php(417): CodeIgniter\CodeIgniter->run()
#12 /Applications/XAMPP/xamppfiles/htdocs/literaciapro/system/Boot.php(68): CodeIgniter\Boot::runCodeIgniter(Object(CodeIgniter\CodeIgniter))
#13 /Applications/XAMPP/xamppfiles/htdocs/literaciapro/public/index.php(59): CodeIgniter\Boot::bootWeb(Object(Config\Paths))
#14 /Applications/XAMPP/xamppfiles/htdocs/literaciapro/system/rewrite.php(44): require_once('/Applications/X...')
#15 {main}

Next CodeIgniter\Database\Exceptions\DatabaseException: No such file or directory in /Applications/XAMPP/xamppfiles/htdocs/literaciapro/system/Database/MySQLi/Connection.php:231
Stack trace:
#0 /Applications/XAMPP/xamppfiles/htdocs/literaciapro/system/Database/BaseConnection.php(555): CodeIgniter\Database\MySQLi\Connection->connect(false)
#1 /Applications/XAMPP/xamppfiles/htdocs/literaciapro/system/Database/BaseConnection.php(795): CodeIgniter\Database\BaseConnection->initialize()
#2 /Applications/XAMPP/xamppfiles/htdocs/literaciapro/system/Database/BaseBuilder.php(1659): CodeIgniter\Database\BaseConnection->query('SELECT *\nFROM `...', Array, false)
#3 /Applications/XAMPP/xamppfiles/htdocs/literaciapro/system/Model.php(255): CodeIgniter\Database\BaseBuilder->get()
#4 /Applications/XAMPP/xamppfiles/htdocs/literaciapro/system/BaseModel.php(676): CodeIgniter\Model->doFindAll(0, 0)
#5 /Applications/XAMPP/xamppfiles/htdocs/literaciapro/app/Models/BukuModel.php(28): CodeIgniter\BaseModel->findAll()
#6 /Applications/XAMPP/xamppfiles/htdocs/literaciapro/app/Controllers/Buku.php(24): App\Models\BukuModel->getBuku()
#7 /Applications/XAMPP/xamppfiles/htdocs/literaciapro/system/CodeIgniter.php(974): App\Controllers\Buku->index()
#8 /Applications/XAMPP/xamppfiles/htdocs/literaciapro/system/CodeIgniter.php(520): CodeIgniter\CodeIgniter->runController(Object(App\Controllers\Buku))
#9 /Applications/XAMPP/xamppfiles/htdocs/literaciapro/system/CodeIgniter.php(363): CodeIgniter\CodeIgniter->handleRequest(NULL, Object(Config\Cache), false)
#10 /Applications/XAMPP/xamppfiles/htdocs/literaciapro/system/Boot.php(417): CodeIgniter\CodeIgniter->run()
#11 /Applications/XAMPP/xamppfiles/htdocs/literaciapro/system/Boot.php(68): CodeIgniter\Boot::runCodeIgniter(Object(CodeIgniter\CodeIgniter))
#12 /Applications/XAMPP/xamppfiles/htdocs/literaciapro/public/index.php(59): CodeIgniter\Boot::bootWeb(Object(Config\Paths))
#13 /Applications/XAMPP/xamppfiles/htdocs/literaciapro/system/rewrite.php(44): require_once('/Applications/X...')
#14 {main}
CRITICAL - 2026-07-17 17:02:12 --> CodeIgniter\Database\Exceptions\DatabaseException: Unable to connect to the database.
Main connection [MySQLi]: No such file or directory
[Method: GET, Route: /]
in SYSTEMPATH/Database/BaseConnection.php on line 606.
 1 SYSTEMPATH/Database/BaseConnection.php(795): CodeIgniter\Database\BaseConnection->initialize()
 2 SYSTEMPATH/Database/BaseBuilder.php(1659): CodeIgniter\Database\BaseConnection->query('SELECT *
FROM `bukupro`
ORDER BY `id` DESC', [], false)
 3 SYSTEMPATH/Model.php(255): CodeIgniter\Database\BaseBuilder->get()
 4 SYSTEMPATH/BaseModel.php(676): CodeIgniter\Model->doFindAll(0, 0)
 5 APPPATH/Models/BukuModel.php(28): CodeIgniter\BaseModel->findAll()
 6 APPPATH/Controllers/Buku.php(24): App\Models\BukuModel->getBuku()
 7 SYSTEMPATH/CodeIgniter.php(974): App\Controllers\Buku->index()
 8 SYSTEMPATH/CodeIgniter.php(520): CodeIgniter\CodeIgniter->runController(Object(App\Controllers\Buku))
 9 SYSTEMPATH/CodeIgniter.php(363): CodeIgniter\CodeIgniter->handleRequest(null, Object(Config\Cache), false)
10 SYSTEMPATH/Boot.php(417): CodeIgniter\CodeIgniter->run()
11 SYSTEMPATH/Boot.php(68): CodeIgniter\Boot::runCodeIgniter(Object(CodeIgniter\CodeIgniter))
12 FCPATH/index.php(59): CodeIgniter\Boot::bootWeb(Object(Config\Paths))
13 SYSTEMPATH/rewrite.php(44): require_once('/Applications/XAMPP/xamppfiles/htdocs/literaciapro/public/index.php')
ERROR - 2026-07-17 17:20:07 --> Error connecting to the database: mysqli_sql_exception: No such file or directory in /Applications/XAMPP/xamppfiles/htdocs/literaciapro/system/Database/MySQLi/Connection.php:201
Stack trace:
#0 /Applications/XAMPP/xamppfiles/htdocs/literaciapro/system/Database/MySQLi/Connection.php(201): mysqli->real_connect('localhost', 'root', Object(SensitiveParameterValue), 'uts3', 3306, '', 0)
#1 /Applications/XAMPP/xamppfiles/htdocs/literaciapro/system/Database/BaseConnection.php(555): CodeIgniter\Database\MySQLi\Connection->connect(false)
#2 /Applications/XAMPP/xamppfiles/htdocs/literaciapro/system/Database/BaseConnection.php(795): CodeIgniter\Database\BaseConnection->initialize()
#3 /Applications/XAMPP/xamppfiles/htdocs/literaciapro/system/Database/BaseBuilder.php(1659): CodeIgniter\Database\BaseConnection->query('SELECT *\nFROM `...', Array, false)
#4 /Applications/XAMPP/xamppfiles/htdocs/literaciapro/system/Model.php(255): CodeIgniter\Database\BaseBuilder->get()
#5 /Applications/XAMPP/xamppfiles/htdocs/literaciapro/system/BaseModel.php(676): CodeIgniter\Model->doFindAll(0, 0)
#6 /Applications/XAMPP/xamppfiles/htdocs/literaciapro/app/Models/BukuModel.php(27): CodeIgniter\BaseModel->findAll()
#7 /Applications/XAMPP/xamppfiles/htdocs/literaciapro/app/Controllers/Buku.php(24): App\Models\BukuModel->getBuku()
#8 /Applications/XAMPP/xamppfiles/htdocs/literaciapro/system/CodeIgniter.php(974): App\Controllers\Buku->index()
#9 /Applications/XAMPP/xamppfiles/htdocs/literaciapro/system/CodeIgniter.php(520): CodeIgniter\CodeIgniter->runController(Object(App\Controllers\Buku))
#10 /Applications/XAMPP/xamppfiles/htdocs/literaciapro/system/CodeIgniter.php(363): CodeIgniter\CodeIgniter->handleRequest(NULL, Object(Config\Cache), false)
#11 /Applications/XAMPP/xamppfiles/htdocs/literaciapro/system/Boot.php(417): CodeIgniter\CodeIgniter->run()
#12 /Applications/XAMPP/xamppfiles/htdocs/literaciapro/system/Boot.php(68): CodeIgniter\Boot::runCodeIgniter(Object(CodeIgniter\CodeIgniter))
#13 /Applications/XAMPP/xamppfiles/htdocs/literaciapro/public/index.php(59): CodeIgniter\Boot::bootWeb(Object(Config\Paths))
#14 /Applications/XAMPP/xamppfiles/htdocs/literaciapro/system/rewrite.php(44): require_once('/Applications/X...')
#15 {main}

Next CodeIgniter\Database\Exceptions\DatabaseException: No such file or directory in /Applications/XAMPP/xamppfiles/htdocs/literaciapro/system/Database/MySQLi/Connection.php:231
Stack trace:
#0 /Applications/XAMPP/xamppfiles/htdocs/literaciapro/system/Database/BaseConnection.php(555): CodeIgniter\Database\MySQLi\Connection->connect(false)
#1 /Applications/XAMPP/xamppfiles/htdocs/literaciapro/system/Database/BaseConnection.php(795): CodeIgniter\Database\BaseConnection->initialize()
#2 /Applications/XAMPP/xamppfiles/htdocs/literaciapro/system/Database/BaseBuilder.php(1659): CodeIgniter\Database\BaseConnection->query('SELECT *\nFROM `...', Array, false)
#3 /Applications/XAMPP/xamppfiles/htdocs/literaciapro/system/Model.php(255): CodeIgniter\Database\BaseBuilder->get()
#4 /Applications/XAMPP/xamppfiles/htdocs/literaciapro/system/BaseModel.php(676): CodeIgniter\Model->doFindAll(0, 0)
#5 /Applications/XAMPP/xamppfiles/htdocs/literaciapro/app/Models/BukuModel.php(27): CodeIgniter\BaseModel->findAll()
#6 /Applications/XAMPP/xamppfiles/htdocs/literaciapro/app/Controllers/Buku.php(24): App\Models\BukuModel->getBuku()
#7 /Applications/XAMPP/xamppfiles/htdocs/literaciapro/system/CodeIgniter.php(974): App\Controllers\Buku->index()
#8 /Applications/XAMPP/xamppfiles/htdocs/literaciapro/system/CodeIgniter.php(520): CodeIgniter\CodeIgniter->runController(Object(App\Controllers\Buku))
#9 /Applications/XAMPP/xamppfiles/htdocs/literaciapro/system/CodeIgniter.php(363): CodeIgniter\CodeIgniter->handleRequest(NULL, Object(Config\Cache), false)
#10 /Applications/XAMPP/xamppfiles/htdocs/literaciapro/system/Boot.php(417): CodeIgniter\CodeIgniter->run()
#11 /Applications/XAMPP/xamppfiles/htdocs/literaciapro/system/Boot.php(68): CodeIgniter\Boot::runCodeIgniter(Object(CodeIgniter\CodeIgniter))
#12 /Applications/XAMPP/xamppfiles/htdocs/literaciapro/public/index.php(59): CodeIgniter\Boot::bootWeb(Object(Config\Paths))
#13 /Applications/XAMPP/xamppfiles/htdocs/literaciapro/system/rewrite.php(44): require_once('/Applications/X...')
#14 {main}
CRITICAL - 2026-07-17 17:20:07 --> CodeIgniter\Database\Exceptions\DatabaseException: Unable to connect to the database.
Main connection [MySQLi]: No such file or directory
[Method: GET, Route: /]
in SYSTEMPATH/Database/BaseConnection.php on line 606.
 1 SYSTEMPATH/Database/BaseConnection.php(795): CodeIgniter\Database\BaseConnection->initialize()
 2 SYSTEMPATH/Database/BaseBuilder.php(1659): CodeIgniter\Database\BaseConnection->query('SELECT *
FROM `bukupro`
ORDER BY `id` DESC', [], false)
 3 SYSTEMPATH/Model.php(255): CodeIgniter\Database\BaseBuilder->get()
 4 SYSTEMPATH/BaseModel.php(676): CodeIgniter\Model->doFindAll(0, 0)
 5 APPPATH/Models/BukuModel.php(27): CodeIgniter\BaseModel->findAll()
 6 APPPATH/Controllers/Buku.php(24): App\Models\BukuModel->getBuku()
 7 SYSTEMPATH/CodeIgniter.php(974): App\Controllers\Buku->index()
 8 SYSTEMPATH/CodeIgniter.php(520): CodeIgniter\CodeIgniter->runController(Object(App\Controllers\Buku))
 9 SYSTEMPATH/CodeIgniter.php(363): CodeIgniter\CodeIgniter->handleRequest(null, Object(Config\Cache), false)
10 SYSTEMPATH/Boot.php(417): CodeIgniter\CodeIgniter->run()
11 SYSTEMPATH/Boot.php(68): CodeIgniter\Boot::runCodeIgniter(Object(CodeIgniter\CodeIgniter))
12 FCPATH/index.php(59): CodeIgniter\Boot::bootWeb(Object(Config\Paths))
13 SYSTEMPATH/rewrite.php(44): require_once('/Applications/XAMPP/xamppfiles/htdocs/literaciapro/public/index.php')
